// Jest Snapshot v1, https://goo.gl/fbAQLP

exports[`ProductNav should match snapshot 1`] = `
<nav
  class="sc-bczRLJ eoUIHq"
>
  <a
    href="/"
  >
    HOME
  </a>
  <svg
    aria-label="chevron-right"
    class="bi bi-chevron-right"
    fill="currentColor"
    height="14"
    role="img"
    viewBox="0 0 16 16"
    width="14"
    xmlns="http://www.w3.org/2000/svg"
  >
    <path
      d="M4.646 1.646a.5.5 0 0 1 .708 0l6 6a.5.5 0 0 1 0 .708l-6 6a.5.5 0 0 1-.708-.708L10.293 8 4.646 2.354a.5.5 0 0 1 0-.708z"
      fill-rule="evenodd"
    />
  </svg>
  <a
    href="/Test"
  >
    Test
  </a>
  <svg
    aria-label="chevron-right"
    class="bi bi-chevron-right"
    fill="currentColor"
    height="14"
    role="img"
    viewBox="0 0 16 16"
    width="14"
    xmlns="http://www.w3.org/2000/svg"
  >
    <path
      d="M4.646 1.646a.5.5 0 0 1 .708 0l6 6a.5.5 0 0 1 0 .708l-6 6a.5.5 0 0 1-.708-.708L10.293 8 4.646 2.354a.5.5 0 0 1 0-.708z"
      fill-rule="evenodd"
    />
  </svg>
  <span>
    Product
  </span>
</nav>
`;
