// Jest Snapshot v1, https://goo.gl/fbAQLP

exports[`Nav component component tree matches snapshot 1`] = `
<nav
  class="sc-bdfBwQ guPkAh"
>
  <a
    href="/about/"
  >
    About Us
  </a>
  <a
    href="/clothing/"
  >
    Clothing
  </a>
  <a
    href="/home/"
  >
    Home
  </a>
  <a
    href="/accessories/"
  >
    Accessories
  </a>
</nav>
`;
