// Jest Snapshot v1, https://goo.gl/fbAQLP

exports[`Footer  should match snapshot 1`] = `
<footer
  class="sc-bczRLJ BOdRL"
>
  <nav
    aria-label="Footer"
    class="sc-gsnTZi bKWKeH"
  >
    <a
      class="sc-dkzDqf"
      href="/women/"
    >
      women
    </a>
    <a
      class="sc-dkzDqf"
      href="/kids/"
    >
      kids
    </a>
    <a
      class="sc-dkzDqf"
      href="/about/"
    >
      about
    </a>
    <a
      class="sc-dkzDqf"
      href="/returns/"
    >
      returns
    </a>
  </nav>
  <address
    class="sc-iBkjds iJBCgR"
  >
    <a
      href="contact@upful.shop"
    >
      contact@upful.shop
    </a>
  </address>
  <div
    class="sc-jSMfEi imdbSj"
  >
    © Upful 
    2022
     Made with full Irations
  </div>
</footer>
`;
