// Jest Snapshot v1, https://goo.gl/fbAQLP

exports[`BuyButton Component matches snapshot 1`] = `
<button
  class="sc-bczRLJ bZchrX snipcart-add-item"
  data-item-description=""
  data-item-id=""
  data-item-image=""
  data-item-max-quantity="1"
  data-item-name=""
  data-item-price="10"
  data-item-url=""
>
  Add to Cart
</button>
`;
