// Jest Snapshot v1, https://goo.gl/fbAQLP

exports[`Header component matches snapshot 1`] = `
<header
  class="sc-dlfnbm mFHZk"
>
  <div>
    <button
      aria-controls="link-list"
      aria-expanded="false"
      aria-label="open navigation"
      class="sc-bdfBwQ fwZoWG"
      type="button"
    >
      <div />
      <div />
      <div />
    </button>
    <nav
      class="sc-gsTCUz EzLyR"
    >
      <a
        href="/"
      >
        About Us
      </a>
      <a
        href="/"
      >
        Clothing
      </a>
      <a
        href="/"
      >
        Home
      </a>
      <a
        href="/"
      >
        Accessories
      </a>
    </nav>
  </div>
  <div
    class="sc-hKgILt fEkVZL"
  >
    <h1
      class="sc-eCssSg iHXJeJ"
    >
      <a
        class="sc-jSgupP ZBvTP"
        href="/"
      >
        StoreFront
      </a>
    </h1>
  </div>
</header>
`;
