// Jest Snapshot v1, https://goo.gl/fbAQLP

exports[`Category component matches snapshot 1`] = `
<div
  class="sc-crrsfI izmpdG"
>
  <header
    class="sc-dlfnbm edAUkJ"
  >
    <div>
      <button
        aria-controls="link-list"
        aria-expanded="false"
        aria-label="open navigation"
        class="sc-bdfBwQ fwZoWG"
        type="button"
      >
        <div />
        <div />
        <div />
      </button>
      <nav
        class="sc-gsTCUz gmiPDZ"
      >
        <a
          href="/about/"
        >
          About Us
        </a>
        <a
          href="/clothing/"
        >
          Clothing
        </a>
        <a
          href="/home/"
        >
          Home
        </a>
        <a
          href="/accessories/"
        >
          Accessories
        </a>
      </nav>
    </div>
    <div
      class="sc-hKgILt fEkVZL"
    >
      <h1
        class="sc-eCssSg fvUBXx"
      >
        <a
          class="sc-jSgupP eywEqP"
          href="/"
        >
          StoreFront
        </a>
      </h1>
    </div>
  </header>
  <div
    class="sc-dQppl fDjYVG"
  >
    <main
      class="sc-bqyKva jzRrKO"
    >
      <div
        class="sc-hHftDr fFLjgi"
      >
        <h1
          class="sc-dIUggk jpVNuA"
        >
          TEST
        </h1>
        <div
          class="sc-bkzZxe etYJBU"
        >
          <article
            class="sc-kstrdz kLDyjG"
          >
            <a
              href="/raen-remmy/"
            >
              <div
                class="gatsby-image-wrapper gatsby-image-wrapper-constrained"
                data-gatsby-image-wrapper=""
                style="position: relative; overflow: hidden; display: inline-block;"
              >
                <div
                  style="max-width: 1024px; display: block;"
                >
                  <img
                    alt=""
                    aria-hidden="true"
                    role="presentation"
                    src="data:image/svg+xml;charset=utf-8,%3Csvg height='1024' width='1024' xmlns='http://www.w3.org/2000/svg' version='1.1'%3E%3C/svg%3E"
                    style="max-width: 100%; display: block; position: static;"
                  />
                </div>
                <div
                  aria-hidden="true"
                  data-placeholder-image=""
                  style="height: 100%; left: 0px; position: absolute; top: 0px; width: 100%;"
                />
                <img
                  alt=""
                  data-gatsby-image-ssr=""
                  data-main-image=""
                  data-src="/static/68a4441c5612cb09d427b074118d500f/67ded/image-1.webp"
                  data-srcset="/static/68a4441c5612cb09d427b074118d500f/22bfc/image-1.webp 256w,/static/68a4441c5612cb09d427b074118d500f/d689f/image-1.webp 512w,/static/68a4441c5612cb09d427b074118d500f/67ded/image-1.webp 1024w"
                  decoding="async"
                  loading="lazy"
                  sizes="(min-width: 1024px) 1024px, 100vw"
                  style="height: 100%; left: 0px; position: absolute; top: 0px; transform: translateZ(0); transition: opacity 250ms linear; width: 100%; will-change: opacity; opacity: 0;"
                />
                <noscript />
                <script
                  type="module"
                >
                  const t="undefined"!=typeof HTMLImageElement&&"loading"in HTMLImageElement.prototype;if(t){const t=document.querySelectorAll("img[data-main-image]");for(let e of t)e.dataset.src&&(e.setAttribute("src",e.dataset.src),e.removeAttribute("data-src")),e.dataset.srcset&&(e.setAttribute("srcset",e.dataset.srcset),e.removeAttribute("data-srcset")),e.complete&&(e.style.opacity=1)}
                </script>
              </div>
            </a>
            <div
              class="sc-fFubgz kVskCz"
            >
              <h3
                class="sc-hBEYos bVgpOO"
              >
                Raen : Remmy
              </h3>
              <div
                class="sc-fodVxV FOwfQ"
              >
                $
                170.00
              </div>
            </div>
          </article>
          <article
            class="sc-kstrdz kLDyjG"
          >
            <a
              href="/sunnies-face-fluffmate-lipstick/"
            >
              <div
                class="gatsby-image-wrapper gatsby-image-wrapper-constrained"
                data-gatsby-image-wrapper=""
                style="position: relative; overflow: hidden; display: inline-block;"
              >
                <div
                  style="max-width: 1024px; display: block;"
                >
                  <img
                    alt=""
                    aria-hidden="true"
                    role="presentation"
                    src="data:image/svg+xml;charset=utf-8,%3Csvg height='1024' width='1024' xmlns='http://www.w3.org/2000/svg' version='1.1'%3E%3C/svg%3E"
                    style="max-width: 100%; display: block; position: static;"
                  />
                </div>
                <div
                  aria-hidden="true"
                  data-placeholder-image=""
                  style="height: 100%; left: 0px; position: absolute; top: 0px; width: 100%;"
                />
                <img
                  alt=""
                  data-gatsby-image-ssr=""
                  data-main-image=""
                  data-src="/static/ccd6bc14b1549c89087b0efe229ed9d1/67ded/image-1.webp"
                  data-srcset="/static/ccd6bc14b1549c89087b0efe229ed9d1/22bfc/image-1.webp 256w,/static/ccd6bc14b1549c89087b0efe229ed9d1/d689f/image-1.webp 512w,/static/ccd6bc14b1549c89087b0efe229ed9d1/67ded/image-1.webp 1024w"
                  decoding="async"
                  loading="lazy"
                  sizes="(min-width: 1024px) 1024px, 100vw"
                  style="height: 100%; left: 0px; position: absolute; top: 0px; transform: translateZ(0); transition: opacity 250ms linear; width: 100%; will-change: opacity; opacity: 0;"
                />
                <noscript />
                <script
                  type="module"
                >
                  const t="undefined"!=typeof HTMLImageElement&&"loading"in HTMLImageElement.prototype;if(t){const t=document.querySelectorAll("img[data-main-image]");for(let e of t)e.dataset.src&&(e.setAttribute("src",e.dataset.src),e.removeAttribute("data-src")),e.dataset.srcset&&(e.setAttribute("srcset",e.dataset.srcset),e.removeAttribute("data-srcset")),e.complete&&(e.style.opacity=1)}
                </script>
              </div>
            </a>
            <div
              class="sc-fFubgz kVskCz"
            >
              <h3
                class="sc-hBEYos bVgpOO"
              >
                Sunnies Face : Fluffmate Lipstick
              </h3>
              <div
                class="sc-fodVxV FOwfQ"
              >
                $
                23.00
              </div>
            </div>
          </article>
          <article
            class="sc-kstrdz kLDyjG"
          >
            <a
              href="/tamra-denim-bottle-tote/"
            >
              <div
                class="gatsby-image-wrapper gatsby-image-wrapper-constrained"
                data-gatsby-image-wrapper=""
                style="position: relative; overflow: hidden; display: inline-block;"
              >
                <div
                  style="max-width: 1024px; display: block;"
                >
                  <img
                    alt=""
                    aria-hidden="true"
                    role="presentation"
                    src="data:image/svg+xml;charset=utf-8,%3Csvg height='1024' width='1024' xmlns='http://www.w3.org/2000/svg' version='1.1'%3E%3C/svg%3E"
                    style="max-width: 100%; display: block; position: static;"
                  />
                </div>
                <div
                  aria-hidden="true"
                  data-placeholder-image=""
                  style="height: 100%; left: 0px; position: absolute; top: 0px; width: 100%;"
                />
                <img
                  alt=""
                  data-gatsby-image-ssr=""
                  data-main-image=""
                  data-src="/static/989a6a99cc516636b6331550f9fb7f4a/67ded/image-1.webp"
                  data-srcset="/static/989a6a99cc516636b6331550f9fb7f4a/22bfc/image-1.webp 256w,/static/989a6a99cc516636b6331550f9fb7f4a/d689f/image-1.webp 512w,/static/989a6a99cc516636b6331550f9fb7f4a/67ded/image-1.webp 1024w"
                  decoding="async"
                  loading="lazy"
                  sizes="(min-width: 1024px) 1024px, 100vw"
                  style="height: 100%; left: 0px; position: absolute; top: 0px; transform: translateZ(0); transition: opacity 250ms linear; width: 100%; will-change: opacity; opacity: 0;"
                />
                <noscript />
                <script
                  type="module"
                >
                  const t="undefined"!=typeof HTMLImageElement&&"loading"in HTMLImageElement.prototype;if(t){const t=document.querySelectorAll("img[data-main-image]");for(let e of t)e.dataset.src&&(e.setAttribute("src",e.dataset.src),e.removeAttribute("data-src")),e.dataset.srcset&&(e.setAttribute("srcset",e.dataset.srcset),e.removeAttribute("data-srcset")),e.complete&&(e.style.opacity=1)}
                </script>
              </div>
            </a>
            <div
              class="sc-fFubgz kVskCz"
            >
              <h3
                class="sc-hBEYos bVgpOO"
              >
                Tamra : Denim Bottle Tote
              </h3>
              <div
                class="sc-fodVxV FOwfQ"
              >
                $
                18.50
              </div>
            </div>
          </article>
          <article
            class="sc-kstrdz kLDyjG"
          >
            <a
              href="/sunnies-face-airblush-cheek-tint/"
            >
              <div
                class="gatsby-image-wrapper gatsby-image-wrapper-constrained"
                data-gatsby-image-wrapper=""
                style="position: relative; overflow: hidden; display: inline-block;"
              >
                <div
                  style="max-width: 1024px; display: block;"
                >
                  <img
                    alt=""
                    aria-hidden="true"
                    role="presentation"
                    src="data:image/svg+xml;charset=utf-8,%3Csvg height='1024' width='1024' xmlns='http://www.w3.org/2000/svg' version='1.1'%3E%3C/svg%3E"
                    style="max-width: 100%; display: block; position: static;"
                  />
                </div>
                <div
                  aria-hidden="true"
                  data-placeholder-image=""
                  style="height: 100%; left: 0px; position: absolute; top: 0px; width: 100%;"
                />
                <img
                  alt=""
                  data-gatsby-image-ssr=""
                  data-main-image=""
                  data-src="/static/c244bd9394710eb5129c1548210e5e4d/67ded/image-1.webp"
                  data-srcset="/static/c244bd9394710eb5129c1548210e5e4d/22bfc/image-1.webp 256w,/static/c244bd9394710eb5129c1548210e5e4d/d689f/image-1.webp 512w,/static/c244bd9394710eb5129c1548210e5e4d/67ded/image-1.webp 1024w"
                  decoding="async"
                  loading="lazy"
                  sizes="(min-width: 1024px) 1024px, 100vw"
                  style="height: 100%; left: 0px; position: absolute; top: 0px; transform: translateZ(0); transition: opacity 250ms linear; width: 100%; will-change: opacity; opacity: 0;"
                />
                <noscript />
                <script
                  type="module"
                >
                  const t="undefined"!=typeof HTMLImageElement&&"loading"in HTMLImageElement.prototype;if(t){const t=document.querySelectorAll("img[data-main-image]");for(let e of t)e.dataset.src&&(e.setAttribute("src",e.dataset.src),e.removeAttribute("data-src")),e.dataset.srcset&&(e.setAttribute("srcset",e.dataset.srcset),e.removeAttribute("data-srcset")),e.complete&&(e.style.opacity=1)}
                </script>
              </div>
            </a>
            <div
              class="sc-fFubgz kVskCz"
            >
              <h3
                class="sc-hBEYos bVgpOO"
              >
                Sunnies Face : Airblush Cheek Tint
              </h3>
              <div
                class="sc-fodVxV FOwfQ"
              >
                $
                20.00
              </div>
            </div>
          </article>
          <article
            class="sc-kstrdz kLDyjG"
          >
            <a
              href="/tenganan-basket-clasp-handbag/"
            >
              <div
                class="gatsby-image-wrapper gatsby-image-wrapper-constrained"
                data-gatsby-image-wrapper=""
                style="position: relative; overflow: hidden; display: inline-block;"
              >
                <div
                  style="max-width: 1024px; display: block;"
                >
                  <img
                    alt=""
                    aria-hidden="true"
                    role="presentation"
                    src="data:image/svg+xml;charset=utf-8,%3Csvg height='1024' width='1024' xmlns='http://www.w3.org/2000/svg' version='1.1'%3E%3C/svg%3E"
                    style="max-width: 100%; display: block; position: static;"
                  />
                </div>
                <div
                  aria-hidden="true"
                  data-placeholder-image=""
                  style="height: 100%; left: 0px; position: absolute; top: 0px; width: 100%;"
                />
                <picture>
                  <source
                    sizes="(min-width: 1024px) 1024px, 100vw"
                    srcset="/static/51f281e08f63efa0f34578e0375ca050/22bfc/image-1.webp 256w,/static/51f281e08f63efa0f34578e0375ca050/d689f/image-1.webp 512w,/static/51f281e08f63efa0f34578e0375ca050/67ded/image-1.webp 1024w"
                    type="image/webp"
                  />
                  <img
                    alt=""
                    data-gatsby-image-ssr=""
                    data-main-image=""
                    data-src="/static/51f281e08f63efa0f34578e0375ca050/24f4c/image-1.jpg"
                    data-srcset="/static/51f281e08f63efa0f34578e0375ca050/68974/image-1.jpg 256w,/static/51f281e08f63efa0f34578e0375ca050/3c367/image-1.jpg 512w,/static/51f281e08f63efa0f34578e0375ca050/24f4c/image-1.jpg 1024w"
                    decoding="async"
                    loading="lazy"
                    sizes="(min-width: 1024px) 1024px, 100vw"
                    style="height: 100%; left: 0px; position: absolute; top: 0px; transform: translateZ(0); transition: opacity 250ms linear; width: 100%; will-change: opacity; opacity: 0;"
                  />
                </picture>
                <noscript />
                <script
                  type="module"
                >
                  const t="undefined"!=typeof HTMLImageElement&&"loading"in HTMLImageElement.prototype;if(t){const t=document.querySelectorAll("img[data-main-image]");for(let e of t)e.dataset.src&&(e.setAttribute("src",e.dataset.src),e.removeAttribute("data-src")),e.dataset.srcset&&(e.setAttribute("srcset",e.dataset.srcset),e.removeAttribute("data-srcset")),e.complete&&(e.style.opacity=1)}
                </script>
              </div>
            </a>
            <div
              class="sc-fFubgz kVskCz"
            >
              <h3
                class="sc-hBEYos bVgpOO"
              >
                Saffron & Poe : Tenganan Basket Clasp Handbag
              </h3>
              <div
                class="sc-fodVxV FOwfQ"
              >
                $
                95.00
              </div>
            </div>
          </article>
          <article
            class="sc-kstrdz kLDyjG"
          >
            <a
              href="/vintage-bandanas/"
            >
              <div
                class="gatsby-image-wrapper gatsby-image-wrapper-constrained"
                data-gatsby-image-wrapper=""
                style="position: relative; overflow: hidden; display: inline-block;"
              >
                <div
                  style="max-width: 1024px; display: block;"
                >
                  <img
                    alt=""
                    aria-hidden="true"
                    role="presentation"
                    src="data:image/svg+xml;charset=utf-8,%3Csvg height='1024' width='1024' xmlns='http://www.w3.org/2000/svg' version='1.1'%3E%3C/svg%3E"
                    style="max-width: 100%; display: block; position: static;"
                  />
                </div>
                <div
                  aria-hidden="true"
                  data-placeholder-image=""
                  style="height: 100%; left: 0px; position: absolute; top: 0px; width: 100%;"
                />
                <picture>
                  <source
                    sizes="(min-width: 1024px) 1024px, 100vw"
                    srcset="/static/9133de778bf79dcab3543f7c92a97773/22bfc/image-1.webp 256w,/static/9133de778bf79dcab3543f7c92a97773/d689f/image-1.webp 512w,/static/9133de778bf79dcab3543f7c92a97773/67ded/image-1.webp 1024w"
                    type="image/webp"
                  />
                  <img
                    alt=""
                    data-gatsby-image-ssr=""
                    data-main-image=""
                    data-src="/static/9133de778bf79dcab3543f7c92a97773/24f4c/image-1.jpg"
                    data-srcset="/static/9133de778bf79dcab3543f7c92a97773/68974/image-1.jpg 256w,/static/9133de778bf79dcab3543f7c92a97773/3c367/image-1.jpg 512w,/static/9133de778bf79dcab3543f7c92a97773/24f4c/image-1.jpg 1024w"
                    decoding="async"
                    loading="lazy"
                    sizes="(min-width: 1024px) 1024px, 100vw"
                    style="height: 100%; left: 0px; position: absolute; top: 0px; transform: translateZ(0); transition: opacity 250ms linear; width: 100%; will-change: opacity; opacity: 0;"
                  />
                </picture>
                <noscript />
                <script
                  type="module"
                >
                  const t="undefined"!=typeof HTMLImageElement&&"loading"in HTMLImageElement.prototype;if(t){const t=document.querySelectorAll("img[data-main-image]");for(let e of t)e.dataset.src&&(e.setAttribute("src",e.dataset.src),e.removeAttribute("data-src")),e.dataset.srcset&&(e.setAttribute("srcset",e.dataset.srcset),e.removeAttribute("data-srcset")),e.complete&&(e.style.opacity=1)}
                </script>
              </div>
            </a>
            <div
              class="sc-fFubgz kVskCz"
            >
              <h3
                class="sc-hBEYos bVgpOO"
              >
                Vintage : Bandanas
              </h3>
              <div
                class="sc-fodVxV FOwfQ"
              >
                $
                40.00
              </div>
            </div>
          </article>
          <article
            class="sc-kstrdz kLDyjG"
          >
            <a
              href="/rachel-craven-hope-jumpsuit/"
            >
              <div
                class="gatsby-image-wrapper gatsby-image-wrapper-constrained"
                data-gatsby-image-wrapper=""
                style="position: relative; overflow: hidden; display: inline-block;"
              >
                <div
                  style="max-width: 1024px; display: block;"
                >
                  <img
                    alt=""
                    aria-hidden="true"
                    role="presentation"
                    src="data:image/svg+xml;charset=utf-8,%3Csvg height='1024' width='1024' xmlns='http://www.w3.org/2000/svg' version='1.1'%3E%3C/svg%3E"
                    style="max-width: 100%; display: block; position: static;"
                  />
                </div>
                <div
                  aria-hidden="true"
                  data-placeholder-image=""
                  style="height: 100%; left: 0px; position: absolute; top: 0px; width: 100%;"
                />
                <picture>
                  <source
                    sizes="(min-width: 1024px) 1024px, 100vw"
                    srcset="/static/5cf000df3c225771c1133e8683ca2595/22bfc/image-1.webp 256w,/static/5cf000df3c225771c1133e8683ca2595/d689f/image-1.webp 512w,/static/5cf000df3c225771c1133e8683ca2595/67ded/image-1.webp 1024w"
                    type="image/webp"
                  />
                  <img
                    alt=""
                    data-gatsby-image-ssr=""
                    data-main-image=""
                    data-src="/static/5cf000df3c225771c1133e8683ca2595/24f4c/image-1.jpg"
                    data-srcset="/static/5cf000df3c225771c1133e8683ca2595/68974/image-1.jpg 256w,/static/5cf000df3c225771c1133e8683ca2595/3c367/image-1.jpg 512w,/static/5cf000df3c225771c1133e8683ca2595/24f4c/image-1.jpg 1024w"
                    decoding="async"
                    loading="lazy"
                    sizes="(min-width: 1024px) 1024px, 100vw"
                    style="height: 100%; left: 0px; position: absolute; top: 0px; transform: translateZ(0); transition: opacity 250ms linear; width: 100%; will-change: opacity; opacity: 0;"
                  />
                </picture>
                <noscript />
                <script
                  type="module"
                >
                  const t="undefined"!=typeof HTMLImageElement&&"loading"in HTMLImageElement.prototype;if(t){const t=document.querySelectorAll("img[data-main-image]");for(let e of t)e.dataset.src&&(e.setAttribute("src",e.dataset.src),e.removeAttribute("data-src")),e.dataset.srcset&&(e.setAttribute("srcset",e.dataset.srcset),e.removeAttribute("data-srcset")),e.complete&&(e.style.opacity=1)}
                </script>
              </div>
            </a>
            <div
              class="sc-fFubgz kVskCz"
            >
              <h3
                class="sc-hBEYos bVgpOO"
              >
                Rachel Craven : Hope Jumpsuit
              </h3>
              <div
                class="sc-fodVxV FOwfQ"
              >
                $
                300.00
              </div>
            </div>
          </article>
        </div>
      </div>
    </main>
  </div>
  <footer
    class="sc-gKsewC fIoWJo"
  >
    <nav
      class="sc-iBPRYJ eeUOoZ"
    >
      <h5
        class="sc-kEjbxe iqwogK"
      >
        Categories
      </h5>
      <a
        href="/about/"
      >
        About Us
      </a>
      <a
        href="/clothing/"
      >
        Clothing
      </a>
      <a
        href="/home/"
      >
        Home
      </a>
      <a
        href="/accessories/"
      >
        Accessories
      </a>
    </nav>
    <div
      class="sc-fubCfw flkmPR"
    >
      <h5
        class="sc-kEjbxe iqwogK"
      >
        Contact
      </h5>
      <address
        class="sc-iqHYGH fZGVri"
      >
        StoreFront
        <br />
        555 Santa Monica Blvd.
        <br />
        Los Angeles, CA 90210
      </address>
      <address
        class="sc-iqHYGH fZGVri"
      >
        <a
          href="mailto:howdy@storefront.com"
        >
          howdy@storefront.com
        </a>
      </address>
    </div>
    <div
      class="sc-pFZIQ bQODGP"
    >
      <h5
        class="sc-kEjbxe iqwogK"
      >
        Terms & Conditions
      </h5>
      <a
        href="/returns"
      >
        Returns
      </a>
    </div>
    <div
      class="sc-jrAGrp kxXRxJ"
    >
      © StoreFront 
      2019
    </div>
  </footer>
</div>
`;
