// Jest Snapshot v1, https://goo.gl/fbAQLP

exports[`Option matches snapshot 1`] = `
<form
  class="sc-hKMtZM dtFrcj"
  name="Select Size"
>
  <span
    aria-label="selected option"
    class="sc-dkzDqf FRBwX"
  >
    Size | 
  </span>
  <input
    class="sc-bczRLJ YJXLH"
    id="Extra Small"
    name="Size"
    type="radio"
    value="Extra Small"
  />
  <label
    class="sc-gsnTZi biaMNL"
    for="Extra Small"
  >
    Extra Small
  </label>
  <input
    class="sc-bczRLJ YJXLH"
    id="Small"
    name="Size"
    type="radio"
    value="Small"
  />
  <label
    class="sc-gsnTZi biaMNL"
    for="Small"
  >
    Small
  </label>
  <input
    class="sc-bczRLJ YJXLH"
    id="Medium"
    name="Size"
    type="radio"
    value="Medium"
  />
  <label
    class="sc-gsnTZi biaMNL"
    for="Medium"
  >
    Medium
  </label>
  <input
    class="sc-bczRLJ YJXLH"
    id="Large"
    name="Size"
    type="radio"
    value="Large"
  />
  <label
    class="sc-gsnTZi biaMNL"
    for="Large"
  >
    Large
  </label>
</form>
`;
