// Jest Snapshot v1, https://goo.gl/fbAQLP

exports[`Option Componenent matches snapshot 1`] = `
<div
  class="sc-gsTCUz"
>
  <label
    for="color"
  >
    color
  </label>
  <select
    class="sc-bdfBwQ gcffNY"
    id="color"
  >
    <option
      selected=""
      value=""
    >
      select an option
    </option>
    <option
      value="blue"
    >
      blue
    </option>
    <option
      value="grey"
    >
      grey
    </option>
    <option
      value="black"
    >
      black
    </option>
  </select>
</div>
`;
