// Jest Snapshot v1, https://goo.gl/fbAQLP

exports[`Hamburger component component tree matches snapshot 1`] = `
<button
  aria-controls="link-list"
  aria-expanded="false"
  aria-label="open navigation"
  class="sc-bdfBwQ jrcbxy"
  open=""
  type="button"
>
  <div />
  <div />
  <div />
</button>
`;
